2019-02-03 19:52:29,440 - INFO -  * Running on http://127.0.0.1:5000/ (Press CTRL+C to quit)
